// Jest Snapshot v1, https://goo.gl/fbAQLP

exports[`icon组件 icon渲染 1`] = `
<svg
  className="pang-icon"
>
  <use
    xlinkHref="#loading"
  />
</svg>
`;

exports[`icon组件 icon渲染 successfully 1`] = `
<svg
  className="pang-icon"
>
  <use
    xlinkHref="#loading"
  />
</svg>
`;
