// Jest Snapshot v1, https://goo.gl/fbAQLP

exports[`Button is a div Element 1`] = `
<div>
  按钮
</div>
`;
